__tests__/storage.test.ts(2,59): error TS2307: Cannot find module 'vitest' or its corresponding type declarations.
hooks/usePrefetch.ts(58,15): error TS2503: Cannot find namespace 'React'.
pages/Dashboard.tsx(150,37): error TS2339: Property 'companyCredentials' does not exist on type 'Company'.
pages/Settings.tsx(748,29): error TS2339: Property 'id' does not exist on type 'unknown'.
pages/Settings.tsx(749,76): error TS2339: Property 'name' does not exist on type 'unknown'.
pages/Settings.tsx(750,135): error TS2339: Property 'areaId' does not exist on type 'unknown'.
pages/Settings.tsx(751,64): error TS2339: Property 'scope' does not exist on type 'unknown'.
pages/Settings.tsx(753,26): error TS2339: Property 'renewalType' does not exist on type 'unknown'.
pages/Settings.tsx(753,73): error TS2339: Property 'renewalFrequency' does not exist on type 'unknown'.
pages/Settings.tsx(753,97): error TS2339: Property 'renewalUnit' does not exist on type 'unknown'.
pages/Settings.tsx(756,25): error TS2339: Property 'isGlobal' does not exist on type 'unknown'.
pages/Settings.tsx(759,72): error TS2339: Property 'isActive' does not exist on type 'unknown'.
pages/Settings.tsx(763,48): error TS2345: Argument of type 'unknown' is not assignable to parameter of type 'DocumentType'.
  Type '{}' is missing the following properties from type 'DocumentType': id, name, scope, isGlobal, and 2 more.
pages/Settings.tsx(771,53): error TS2339: Property 'id' does not exist on type 'unknown'.
pages/Settings.tsx(1034,29): error TS2339: Property 'id' does not exist on type 'unknown'.
pages/Settings.tsx(1041,73): error TS2339: Property 'name' does not exist on type 'unknown'.
pages/Settings.tsx(1042,28): error TS2339: Property 'rut' does not exist on type 'unknown'.
pages/Settings.tsx(1042,77): error TS2339: Property 'rut' does not exist on type 'unknown'.
pages/Settings.tsx(1047,48): error TS2345: Argument of type 'unknown' is not assignable to parameter of type 'ServiceProvider'.
  Type '{}' is missing the following properties from type 'ServiceProvider': id, name, isActive
pages/Settings.tsx(1055,55): error TS2339: Property 'id' does not exist on type 'unknown'.
pages/Settings.tsx(1065,22): error TS2339: Property 'industry' does not exist on type 'unknown'.
pages/Settings.tsx(1067,26): error TS2339: Property 'industry' does not exist on type 'unknown'.
pages/Settings.tsx(1072,24): error TS2339: Property 'contactEmail' does not exist on type 'unknown'.
pages/Settings.tsx(1075,55): error TS2339: Property 'contactEmail' does not exist on type 'unknown'.
pages/Settings.tsx(1078,24): error TS2339: Property 'contactPhone' does not exist on type 'unknown'.
pages/Settings.tsx(1081,34): error TS2339: Property 'contactPhone' does not exist on type 'unknown'.
pages/Settings.tsx(1084,24): error TS2339: Property 'address' does not exist on type 'unknown'.
pages/Settings.tsx(1087,55): error TS2339: Property 'address' does not exist on type 'unknown'.
pages/Settings.tsx(1328,36): error TS2339: Property 'id' does not exist on type 'unknown'.
pages/Settings.tsx(1329,83): error TS2339: Property 'name' does not exist on type 'unknown'.
pages/Settings.tsx(1331,40): error TS2339: Property 'url' does not exist on type 'unknown'.
pages/Settings.tsx(1333,75): error TS2339: Property 'url' does not exist on type 'unknown'.
pages/Settings.tsx(1336,71): error TS2339: Property 'username' does not exist on type 'unknown'.
pages/Settings.tsx(1338,79): error TS2339: Property 'isActive' does not exist on type 'unknown'.
pages/Settings.tsx(1342,50): error TS2345: Argument of type 'unknown' is not assignable to parameter of type 'SupplierPortal'.
  Type '{}' is missing the following properties from type 'SupplierPortal': id, name, url, isActive
pages/Settings.tsx(1350,61): error TS2339: Property 'id' does not exist on type 'unknown'.
pages/Technicians.tsx(94,77): error TS2345: Argument of type 'unknown' is not assignable to parameter of type 'string'.
pages/Technicians.tsx(97,82): error TS2345: Argument of type 'unknown' is not assignable to parameter of type 'string'.
pages/Technicians.tsx(103,79): error TS2345: Argument of type 'unknown' is not assignable to parameter of type 'string'.
pages/Technicians.tsx(106,84): error TS2345: Argument of type 'unknown' is not assignable to parameter of type 'string'.
pages/Technicians.tsx(1156,27): error TS2339: Property 'id' does not exist on type 'unknown'.
pages/Technicians.tsx(1158,55): error TS2339: Property 'id' does not exist on type 'unknown'.
pages/Technicians.tsx(1163,29): error TS2339: Property 'avatarUrl' does not exist on type 'unknown'.
pages/Technicians.tsx(1165,37): error TS2339: Property 'avatarUrl' does not exist on type 'unknown'.
pages/Technicians.tsx(1174,75): error TS2339: Property 'name' does not exist on type 'unknown'.
pages/Technicians.tsx(1175,69): error TS2339: Property 'rut' does not exist on type 'unknown'.
pages/Technicians.tsx(1179,85): error TS2339: Property 'role' does not exist on type 'unknown'.
pages/Technicians.tsx(1180,85): error TS2339: Property 'branch' does not exist on type 'unknown'.
pages/Technicians.tsx(1182,45): error TS2339: Property 'complianceScore' does not exist on type 'unknown'.
pages/Technicians.tsx(1185,45): error TS2339: Property 'overallStatus' does not exist on type 'unknown'.
services/authService.ts(27,33): error TS2339: Property 'env' does not exist on type 'ImportMeta'.
services/logger.ts(4,35): error TS2339: Property 'env' does not exist on type 'ImportMeta'.
services/supabaseClient.ts(5,34): error TS2339: Property 'env' does not exist on type 'ImportMeta'.
services/supabaseClient.ts(6,39): error TS2339: Property 'env' does not exist on type 'ImportMeta'.
supabase/functions/certify-ai/index.ts(6,29): error TS2307: Cannot find module 'npm:@google/genai' or its corresponding type declarations.
vitest.config.ts(2,30): error TS2307: Cannot find module 'vitest/config' or its corresponding type declarations.
